../Core/Src/main.c:266:10:crc16	24	static
../Core/Src/main.c:282:6:SetRS485Mode	16	static
../Core/Src/main.c:291:6:Ledstatus_On	16	static
../Core/Src/main.c:296:6:Ledstatus_Off	16	static
../Core/Src/main.c:301:6:RS485SendReqData_ID1	24	static
../Core/Src/main.c:330:6:RS485SendData_ID1	8	static
../Core/Src/main.c:349:6:HAL_TIM_PeriodElapsedCallback	16	static
../Core/Src/main.c:377:5:main	8	static
../Core/Src/main.c:452:6:SystemClock_Config	88	static
../Core/Src/main.c:498:13:MX_TIM2_Init	32	static
../Core/Src/main.c:543:13:MX_USART1_UART_Init	8	static
../Core/Src/main.c:576:13:MX_USART2_UART_Init	8	static
../Core/Src/main.c:614:13:MX_USART3_UART_Init	8	static
../Core/Src/main.c:652:13:MX_GPIO_Init	48	static
../Core/Src/main.c:690:7:modbusPyloadToFloat	24	static
../Core/Src/main.c:704:6:handle_data_uart_mfm3883_ID1	16	static
../Core/Src/main.c:760:6:CheckReq_mfm3883_ID1	16	static
../Core/Src/main.c:778:6:HAL_UART_RxCpltCallback	16	static
../Core/Src/main.c:809:6:SysTick_Handler	8	static
../Core/Src/main.c:833:6:Error_Handler	4	static,ignoring_inline_asm
