../Core/Src/main.c:250:10:crc16	2
../Core/Src/main.c:267:6:SetRS485Mode	3
../Core/Src/main.c:276:6:Ledstatus_On	1
../Core/Src/main.c:281:6:Ledstatus_Off	1
../Core/Src/main.c:286:6:RS485SendData	2
../Core/Src/main.c:323:6:HAL_TIM_PeriodElapsedCallback	5
../Core/Src/main.c:351:5:main	2
../Core/Src/main.c:409:6:SystemClock_Config	3
../Core/Src/main.c:455:13:MX_TIM2_Init	4
../Core/Src/main.c:500:13:MX_USART2_UART_Init	3
../Core/Src/main.c:538:13:MX_GPIO_Init	1
../Core/Src/main.c:575:7:modbusPyloadToFloat	1
../Core/Src/main.c:594:6:handle_data_uart_mfm3883	2
../Core/Src/main.c:650:6:HAL_UART_RxCpltCallback	3
../Core/Src/main.c:674:6:SysTick_Handler	3
../Core/Src/main.c:695:6:Error_Handler	1
